=== EVIDENCE LOG: 7-check verification, GeminiCardScanner retry-once spec ===
Date: 2026-09-10

--- Environment diagnostics: JDK versions available ---
openjdk version "17.0.14" 2025-01-21
OpenJDK Runtime Environment Temurin-17.0.14+7 (build 17.0.14+7)
OpenJDK 64-Bit Server VM Temurin-17.0.14+7 (build 17.0.14+7, mixed mode, sharing)
---
openjdk version "21.0.10" 2026-01-20
OpenJDK Runtime Environment (build 21.0.10+-14961533-b1163.108)
OpenJDK 64-Bit Server VM (build 21.0.10+-14961533-b1163.108, mixed mode)

--- Raw loopback TCP self-test (confirms OS loopback networking itself is fine) ---
Connected: True

--- gradlew.bat help --stacktrace (isolates failure to Gradle's own JVM NIO selector init, unrelated to any task) ---
To honour the JVM settings for this build a single-use Daemon process will be forked. For more on this, please refer to https://docs.gradle.org/8.11.1/userguide/gradle_daemon.html#sec:disabling_the_daemon in the Gradle documentation.

FAILURE: Build failed with an exception.

* What went wrong:
java.io.IOException: Unable to establish loopback connection

* Try:
> Run with --info or --debug option to get more log output.
> Run with --scan to get full insights.
> Get more help at https://help.gradle.org.

* Exception is:
org.gradle.api.UncheckedIOException: java.io.IOException: Unable to establish loopback connection
	at org.gradle.internal.UncheckedException.throwAsUncheckedException(UncheckedException.java:63)
	at org.gradle.internal.UncheckedException.throwAsUncheckedException(UncheckedException.java:42)
	at org.gradle.internal.remote.internal.inet.SocketConnection.<init>(SocketConnection.java:67)
	at org.gradle.internal.remote.internal.inet.SocketConnectCompletion.create(SocketConnectCompletion.java:40)
	at org.gradle.launcher.daemon.client.DefaultDaemonConnector.connectToDaemon(DefaultDaemonConnector.java:268)
	at org.gradle.launcher.daemon.client.DefaultDaemonConnector.connectToDaemonWithId(DefaultDaemonConnector.java:254)
	at org.gradle.launcher.daemon.client.DefaultDaemonConnector.doStartDaemon(DefaultDaemonConnector.java:221)
	at org.gradle.launcher.daemon.client.DefaultDaemonConnector.startSingleUseDaemon(DefaultDaemonConnector.java:241)
	at org.gradle.launcher.daemon.client.SingleUseDaemonClient.execute(SingleUseDaemonClient.java:60)
	at org.gradle.launcher.daemon.client.SingleUseDaemonClient.execute(SingleUseDaemonClient.java:37)
	at org.gradle.launcher.cli.RunBuildAction.run(RunBuildAction.java:56)
	at org.gradle.internal.Actions$RunnableActionAdapter.execute(Actions.java:167)
	at org.gradle.launcher.cli.DefaultCommandLineActionFactory$ParseAndBuildAction.execute(DefaultCommandLineActionFactory.java:370)
	at org.gradle.launcher.cli.DefaultCommandLineActionFactory$ParseAndBuildAction.execute(DefaultCommandLineActionFactory.java:334)
	at org.gradle.launcher.cli.DebugLoggerWarningAction.execute(DebugLoggerWarningAction.java:74)
	at org.gradle.launcher.cli.DebugLoggerWarningAction.execute(DebugLoggerWarningAction.java:30)
	at org.gradle.launcher.cli.WelcomeMessageAction.execute(WelcomeMessageAction.java:97)
	at org.gradle.launcher.cli.WelcomeMessageAction.execute(WelcomeMessageAction.java:40)
	at org.gradle.launcher.cli.NativeServicesInitializingAction.execute(NativeServicesInitializingAction.java:50)
	at org.gradle.launcher.cli.NativeServicesInitializingAction.execute(NativeServicesInitializingAction.java:27)
	at org.gradle.launcher.cli.ExceptionReportingAction.execute(ExceptionReportingAction.java:41)
	at org.gradle.launcher.cli.ExceptionReportingAction.execute(ExceptionReportingAction.java:26)
	at org.gradle.launcher.cli.DefaultCommandLineActionFactory$WithLogging.execute(DefaultCommandLineActionFactory.java:482)
	at org.gradle.launcher.Main.doAction(Main.java:35)
	at org.gradle.launcher.bootstrap.EntryPoint.run(EntryPoint.java:52)
	at java.base/jdk.internal.reflect.NativeMethodAccessorImpl.invoke0(Native Method)
	at java.base/jdk.internal.reflect.NativeMethodAccessorImpl.invoke(NativeMethodAccessorImpl.java:77)
	at java.base/jdk.internal.reflect.DelegatingMethodAccessorImpl.invoke(DelegatingMethodAccessorImpl.java:43)
	at java.base/java.lang.reflect.Method.invoke(Method.java:569)
	at org.gradle.launcher.bootstrap.ProcessBootstrap.runNoExit(ProcessBootstrap.java:72)
	at org.gradle.launcher.bootstrap.ProcessBootstrap.run(ProcessBootstrap.java:39)
	at org.gradle.launcher.GradleMain.main(GradleMain.java:31)
	at java.base/jdk.internal.reflect.NativeMethodAccessorImpl.invoke0(Native Method)
	at java.base/jdk.internal.reflect.NativeMethodAccessorImpl.invoke(NativeMethodAccessorImpl.java:77)
	at java.base/jdk.internal.reflect.DelegatingMethodAccessorImpl.invoke(DelegatingMethodAccessorImpl.java:43)
	at java.base/java.lang.reflect.Method.invoke(Method.java:569)
	at org.gradle.wrapper.GradleWrapperMain.main(SourceFile:70)
Caused by: java.io.IOException: Unable to establish loopback connection
	at java.base/sun.nio.ch.PipeImpl$Initializer.run(PipeImpl.java:103)
	at java.base/sun.nio.ch.PipeImpl$Initializer.run(PipeImpl.java:67)
	at java.base/java.security.AccessController.doPrivileged(AccessController.java:569)
	at java.base/sun.nio.ch.PipeImpl.<init>(PipeImpl.java:198)
	at java.base/sun.nio.ch.WEPollSelectorImpl.<init>(WEPollSelectorImpl.java:78)
	at java.base/sun.nio.ch.WEPollSelectorProvider.openSelector(WEPollSelectorProvider.java:33)
	at java.base/java.nio.channels.Selector.open(Selector.java:295)
	at org.gradle.internal.remote.internal.inet.SocketConnection$SocketInputStream.<init>(SocketConnection.java:167)
	at org.gradle.internal.remote.internal.inet.SocketConnection.<init>(SocketConnection.java:65)
	... 34 more
Caused by: java.net.SocketException: Invalid argument: connect
	at java.base/sun.nio.ch.UnixDomainSockets.connect0(Native Method)
	at java.base/sun.nio.ch.UnixDomainSockets.connect(UnixDomainSockets.java:148)
	at java.base/sun.nio.ch.UnixDomainSockets.connect(UnixDomainSockets.java:144)
	at java.base/sun.nio.ch.SocketChannelImpl.connect(SocketChannelImpl.java:851)
	at java.base/java.nio.channels.SocketChannel.open(SocketChannel.java:285)
	at java.base/sun.nio.ch.PipeImpl$Initializer$LoopbackConnector.run(PipeImpl.java:133)
	at java.base/sun.nio.ch.PipeImpl$Initializer.run(PipeImpl.java:85)
	... 42 more

EXIT: 1

--- Repeated full-suite attempts (testDebugUnitTest --rerun-tasks, lintDebug, assembleDebug), JDK 17, JDK 21(JBR), sandbox on/off, after killing stale java procs -- all identical failure ---
6 attempts total, all: java.io.IOException: Unable to establish loopback connection

--- API surface manually confirmed against cached mockwebserver-4.12.0.jar via javap (since gradle compile could not run) ---
Compiled from "SocketPolicy.kt"
public final class okhttp3.mockwebserver.SocketPolicy extends java.lang.Enum<okhttp3.mockwebserver.SocketPolicy> {
  public static final okhttp3.mockwebserver.SocketPolicy SHUTDOWN_SERVER_AFTER_RESPONSE;
  public static final okhttp3.mockwebserver.SocketPolicy KEEP_OPEN;
  public static final okhttp3.mockwebserver.SocketPolicy DISCONNECT_AT_END;
  public static final okhttp3.mockwebserver.SocketPolicy UPGRADE_TO_SSL_AT_END;
  public static final okhttp3.mockwebserver.SocketPolicy DISCONNECT_AT_START;
  public static final okhttp3.mockwebserver.SocketPolicy DISCONNECT_AFTER_REQUEST;
  public static final okhttp3.mockwebserver.SocketPolicy DISCONNECT_DURING_REQUEST_BODY;
  public static final okhttp3.mockwebserver.SocketPolicy DISCONNECT_DURING_RESPONSE_BODY;
  public static final okhttp3.mockwebserver.SocketPolicy DO_NOT_READ_REQUEST_BODY;
  public static final okhttp3.mockwebserver.SocketPolicy FAIL_HANDSHAKE;
  public static final okhttp3.mockwebserver.SocketPolicy SHUTDOWN_INPUT_AT_END;
  public static final okhttp3.mockwebserver.SocketPolicy SHUTDOWN_OUTPUT_AT_END;
  public static final okhttp3.mockwebserver.SocketPolicy STALL_SOCKET_AT_START;
  public static final okhttp3.mockwebserver.SocketPolicy NO_RESPONSE;
  public static final okhttp3.mockwebserver.SocketPolicy RESET_STREAM_AT_START;
  public static final okhttp3.mockwebserver.SocketPolicy EXPECT_CONTINUE;
  public static final okhttp3.mockwebserver.SocketPolicy CONTINUE_ALWAYS;
  public static okhttp3.mockwebserver.SocketPolicy[] values();
  public static okhttp3.mockwebserver.SocketPolicy valueOf(java.lang.String);
  static {};
}
  public final okhttp3.mockwebserver.SocketPolicy getSocketPolicy();
  public final void socketPolicy(okhttp3.mockwebserver.SocketPolicy);
  public final okhttp3.mockwebserver.MockResponse setResponseCode(int);
  public final okhttp3.mockwebserver.MockResponse setBody(okio.Buffer);
  public final okhttp3.mockwebserver.MockResponse setBody(java.lang.String);
  public final okhttp3.mockwebserver.MockResponse setBody(okhttp3.mockwebserver.internal.duplex.DuplexResponseBody);
  public final okhttp3.mockwebserver.SocketPolicy -deprecated_getSocketPolicy();
  public final okhttp3.mockwebserver.MockResponse setSocketPolicy(okhttp3.mockwebserver.SocketPolicy);
  public final okhttp3.mockwebserver.MockResponse setBodyDelay(long, java.util.concurrent.TimeUnit);
  public final int getRequestCount();
  public final int -deprecated_requestCount();
  public static final java.util.concurrent.atomic.AtomicInteger access$getAtomicRequestCount$p(okhttp3.mockwebserver.MockWebServer);

--- Stray debug output check (git diff grep for println/console.log/debugger/TODO/FIXME/Log.d/Log.v) ---
warning: in the working copy of 'app/src/main/java/com/skyler/pokedexbinder/domain/GeminiCardScanner.kt', LF will be replaced by CRLF the next time Git touches it
warning: in the working copy of 'app/src/test/java/com/skyler/pokedexbinder/domain/GeminiCardScannerTest.kt', LF will be replaced by CRLF the next time Git touches it
(no matches = clean)

--- git status (full repo) ---
 M app/src/main/java/com/skyler/pokedexbinder/domain/GeminiCardScanner.kt
 M app/src/main/java/com/skyler/pokedexbinder/ui/scanner/ImageProxyExt.kt
 M app/src/test/java/com/skyler/pokedexbinder/domain/GeminiCardScannerTest.kt
 M app/src/test/java/com/skyler/pokedexbinder/ui/scanner/ImageProxyExtTest.kt

--- git diff --stat (full repo) ---
warning: in the working copy of 'app/src/main/java/com/skyler/pokedexbinder/domain/GeminiCardScanner.kt', LF will be replaced by CRLF the next time Git touches it
warning: in the working copy of 'app/src/test/java/com/skyler/pokedexbinder/domain/GeminiCardScannerTest.kt', LF will be replaced by CRLF the next time Git touches it
 .../pokedexbinder/domain/GeminiCardScanner.kt      | 39 ++++++++++++--
 .../pokedexbinder/ui/scanner/ImageProxyExt.kt      | 12 +++++
 .../pokedexbinder/domain/GeminiCardScannerTest.kt  | 61 ++++++++++++++++++++--
 .../pokedexbinder/ui/scanner/ImageProxyExtTest.kt  | 17 ++++++
 4 files changed, 122 insertions(+), 7 deletions(-)
